// Jest Snapshot v1, https://goo.gl/fbAQLP

exports[`Pruebas en <MultipleCustomHokks /> debe de mostrarse correctamente 1`] = `
<div>
  <h1>
    Breaking Bad Quotes
  </h1>
  <hr />
  <div
    className="alert alert-info text-center"
  >
    <div
      className="spinner-border text-primary"
      role="status"
    />
    <div>
      Loading...
    </div>
  </div>
  <button
    className="btn btn-primary"
    disabled={true}
    onClick={[Function]}
  >
    Siguiente quote
  </button>
</div>
`;
