// Jest Snapshot v1, https://goo.gl/fbAQLP

exports[`Pruebas en <RealExampleUseRef /> debe de mostrarse correctamente 1`] = `
<div>
  <h1>
    RealExampleUseRef
  </h1>
  <hr />
  <button
    className="btn btn-outline-primary mt-5"
    onClick={[Function]}
  >
    Show/Hidde
  </button>
</div>
`;
