// Jest Snapshot v1, https://goo.gl/fbAQLP

exports[`Prueba en <HooksApp /> debe mostrarse correctamente 1`] = `
<div>
  <h1>
    Hooks app
  </h1>
</div>
`;
